// Jest Snapshot v1, https://goo.gl/fbAQLP

exports[`Feed should render feed correctly 1`] = `
<ul
  className=""
  data-react-toolbox="list"
>
  <div>
    <h5
      className=""
    >
      yesterday
    </h5>
    <li
      className="undefined "
      onClick={[Function]}
      onMouseDown={undefined}
      onTouchStart={undefined}
    >
      <span
        className=""
      >
        <span
          className={undefined}
        >
          <span
            className={undefined}
            onClick={undefined}
            onMouseDown={undefined}
          >
            <span
              className="material-icons"
              data-react-toolbox="font-icon"
            >
              receipt
            </span>
          </span>
        </span>
        <span
          className=""
        >
          <span
            className="undefined"
            data-react-toolbox="list-item-text"
          >
            David paid 'Tanken'
          </span>
          <span
            className=""
            data-react-toolbox="list-item-text"
          >
            <span
              className=""
            >
              <span>
                €60.00
              </span>
            </span>
          </span>
        </span>
        <span
          className={undefined}
        >
          <span
            className={undefined}
            onClick={undefined}
            onMouseDown={undefined}
          >
            <button
              className=""
              data-react-toolbox="button"
              disabled={false}
              href={undefined}
              onMouseDown={[Function]}
              onMouseLeave={[Function]}
              onMouseUp={[Function]}
              onTouchStart={[Function]}
              type="button"
            >
              <span
                className="material-icons"
                data-react-toolbox="font-icon"
              >
                chevron_right
              </span>
            </button>
          </span>
        </span>
      </span>
    </li>
    <li
      className="undefined "
      onClick={[Function]}
      onMouseDown={undefined}
      onTouchStart={undefined}
    >
      <span
        className=""
      >
        <span
          className={undefined}
        >
          <span
            className={undefined}
            onClick={undefined}
            onMouseDown={undefined}
          >
            <span
              className="material-icons"
              data-react-toolbox="font-icon"
            >
              receipt
            </span>
          </span>
        </span>
        <span
          className=""
        >
          <span
            className="undefined"
            data-react-toolbox="list-item-text"
          >
            Thomas paid 'Essen'
          </span>
          <span
            className=""
            data-react-toolbox="list-item-text"
          >
            <span
              className=""
            >
              <span>
                €45.00
              </span>
            </span>
          </span>
        </span>
        <span
          className={undefined}
        >
          <span
            className={undefined}
            onClick={undefined}
            onMouseDown={undefined}
          >
            <button
              className=""
              data-react-toolbox="button"
              disabled={false}
              href={undefined}
              onMouseDown={[Function]}
              onMouseLeave={[Function]}
              onMouseUp={[Function]}
              onTouchStart={[Function]}
              type="button"
            >
              <span
                className="material-icons"
                data-react-toolbox="font-icon"
              >
                chevron_right
              </span>
            </button>
          </span>
        </span>
      </span>
    </li>
    <li
      className="undefined "
      onClick={[Function]}
      onMouseDown={undefined}
      onTouchStart={undefined}
    >
      <span
        className=""
      >
        <span
          className={undefined}
        >
          <span
            className={undefined}
            onClick={undefined}
            onMouseDown={undefined}
          >
            <span
              className="material-icons"
              data-react-toolbox="font-icon"
            >
              payment
            </span>
          </span>
        </span>
        <span
          className=""
        >
          <span
            className="undefined"
            data-react-toolbox="list-item-text"
          >
            David paid Matthias
          </span>
          <span
            className=""
            data-react-toolbox="list-item-text"
          >
            <span
              className=""
            >
              <span>
                €15.00
              </span>
            </span>
          </span>
        </span>
      </span>
    </li>
  </div>
  <div>
    <h5
      className=""
    >
      3 days ago
    </h5>
    <li
      className="undefined "
      onClick={[Function]}
      onMouseDown={undefined}
      onTouchStart={undefined}
    >
      <span
        className=""
      >
        <span
          className={undefined}
        >
          <span
            className={undefined}
            onClick={undefined}
            onMouseDown={undefined}
          >
            <span
              className="material-icons"
              data-react-toolbox="font-icon"
            >
              receipt
            </span>
          </span>
        </span>
        <span
          className=""
        >
          <span
            className="undefined"
            data-react-toolbox="list-item-text"
          >
            Thomas paid 'Bier'
          </span>
          <span
            className=""
            data-react-toolbox="list-item-text"
          >
            <span
              className=""
            >
              <span>
                €30.00
              </span>
            </span>
          </span>
        </span>
        <span
          className={undefined}
        >
          <span
            className={undefined}
            onClick={undefined}
            onMouseDown={undefined}
          >
            <button
              className=""
              data-react-toolbox="button"
              disabled={false}
              href={undefined}
              onMouseDown={[Function]}
              onMouseLeave={[Function]}
              onMouseUp={[Function]}
              onTouchStart={[Function]}
              type="button"
            >
              <span
                className="material-icons"
                data-react-toolbox="font-icon"
              >
                chevron_right
              </span>
            </button>
          </span>
        </span>
      </span>
    </li>
  </div>
</ul>
`;
